=== citation_url_checker.py: LIMITATIONS ===
Read-only by default: never alters originals or user accounts/devices.
No credentials, login bypass, account access, or network writes are used.
Outputs are informational and require human review; they are not legal advice.
Cannot judge legal correctness or currentness from a 200 response.
Cannot see paywalled/login content and marks blocked/failed requests; it does not bypass robots, CDNs, or access controls.
{
  "tool": "citation_url_checker.py",
  "limitations": [
    "Cannot judge legal correctness or currentness from a 200 response.",
    "Cannot see paywalled/login content and marks blocked/failed requests; it does not bypass robots, CDNs, or access controls."
  ],
  "dry_run": false,
  "results": [
    {
      "url": "https://www.courts.michigan.gov/siteassets/rules-instructions-administrative-orders/michigan-court-rules/michigan-court-rules-responsive-html5.zip/Michigan_Court_Rules/",
      "status": 204,
      "final_url": "https://www.courts.michigan.gov/siteassets/rules-instructions-administrative-orders/michigan-court-rules/michigan-court-rules-responsive-html5.zip/Michigan_Court_Rules/",
      "redirected": false,
      "title": null,
      "content_hash": "e3b0c44298fc1c149afbf4c8996fb92427ae41e4649b934ca495991b7852b855",
      "error": null,
      "cache_reused": false,
      "source_id": "00-how-to-use-references",
      "changed_since_last_verified": true
    },
    {
      "url": "https://www.courts.michigan.gov/siteassets/rules-instructions-administrative-orders/michigan-court-rules/michigan-court-rules-responsive-html5.zip/Michigan_Court_Rules/",
      "status": 204,
      "final_url": "https://www.courts.michigan.gov/siteassets/rules-instructions-administrative-orders/michigan-court-rules/michigan-court-rules-responsive-html5.zip/Michigan_Court_Rules/",
      "redirected": false,
      "title": null,
      "content_hash": "e3b0c44298fc1c149afbf4c8996fb92427ae41e4649b934ca495991b7852b855",
      "error": null,
      "cache_reused": true,
      "source_id": "caselaw-custody-standards",
      "changed_since_last_verified": true
    },
    {
      "url": "https://www.courts.michigan.gov/siteassets/rules-instructions-administrative-orders/michigan-court-rules/michigan-court-rules-responsive-html5.zip/Michigan_Court_Rules/",
      "status": 204,
      "final_url": "https://www.courts.michigan.gov/siteassets/rules-instructions-administrative-orders/michigan-court-rules/michigan-court-rules-responsive-html5.zip/Michigan_Court_Rules/",
      "redirected": false,
      "title": null,
      "content_hash": "e3b0c44298fc1c149afbf4c8996fb92427ae41e4649b934ca495991b7852b855",
      "error": null,
      "cache_reused": true,
      "source_id": "caselaw-discovery-sanctions",
      "changed_since_last_verified": true
    },
    {
      "url": "https://www.courts.michigan.gov/siteassets/rules-instructions-administrative-orders/michigan-court-rules/michigan-court-rules-responsive-html5.zip/Michigan_Court_Rules/",
      "status": 204,
      "final_url": "https://www.courts.michigan.gov/siteassets/rules-instructions-administrative-orders/michigan-court-rules/michigan-court-rules-responsive-html5.zip/Michigan_Court_Rules/",
      "redirected": false,
      "title": null,
      "content_hash": "e3b0c44298fc1c149afbf4c8996fb92427ae41e4649b934ca495991b7852b855",
      "error": null,
      "cache_reused": true,
      "source_id": "caselaw-evidence-authentication",
      "changed_since_last_verified": true
    },
    {
      "url": "https://www.courts.michigan.gov/siteassets/rules-instructions-administrative-orders/michigan-court-rules/michigan-court-rules-responsive-html5.zip/Michigan_Court_Rules/",
      "status": 204,
      "final_url": "https://www.courts.michigan.gov/siteassets/rules-instructions-administrative-orders/michigan-court-rules/michigan-court-rules-responsive-html5.zip/Michigan_Court_Rules/",
      "redirected": false,
      "title": null,
      "content_hash": "e3b0c44298fc1c149afbf4c8996fb92427ae41e4649b934ca495991b7852b855",
      "error": null,
      "cache_reused": true,
      "source_id": "caselaw-referee-de-novo-review",
      "changed_since_last_verified": true
    },
    {
      "url": "https://www.courts.michigan.gov/siteassets/rules-instructions-administrative-orders/michigan-court-rules/michigan-court-rules-responsive-html5.zip/Michigan_Court_Rules/",
      "status": 204,
      "final_url": "https://www.courts.michigan.gov/siteassets/rules-instructions-administrative-orders/michigan-court-rules/michigan-court-rules-responsive-html5.zip/Michigan_Court_Rules/",
      "redirected": false,
      "title": null,
      "content_hash": "e3b0c44298fc1c149afbf4c8996fb92427ae41e4649b934ca495991b7852b855",
      "error": null,
      "cache_reused": true,
      "source_id": "cheatsheet-l0-hearing-day-card",
      "changed_since_last_verified": true
    },
    {
      "url": "https://www.courts.michigan.gov/siteassets/rules-instructions-administrative-orders/michigan-court-rules/michigan-court-rules-responsive-html5.zip/Michigan_Court_Rules/",
      "status": 204,
      "final_url": "https://www.courts.michigan.gov/siteassets/rules-instructions-administrative-orders/michigan-court-rules/michigan-court-rules-responsive-html5.zip/Michigan_Court_Rules/",
      "redirected": false,
      "title": null,
      "content_hash": "e3b0c44298fc1c149afbf4c8996fb92427ae41e4649b934ca495991b7852b855",
      "error": null,
      "cache_reused": true,
      "source_id": "cheatsheet-l1-pro-se-guide",
      "changed_since_last_verified": true
    },
    {
      "url": "https://www.courts.michigan.gov/siteassets/rules-instructions-administrative-orders/michigan-court-rules/michigan-court-rules-responsive-html5.zip/Michigan_Court_Rules/",
      "status": 204,
      "final_url": "https://www.courts.michigan.gov/siteassets/rules-instructions-administrative-orders/michigan-court-rules/michigan-court-rules-responsive-html5.zip/Michigan_Court_Rules/",
      "redirected": false,
      "title": null,
      "content_hash": "e3b0c44298fc1c149afbf4c8996fb92427ae41e4649b934ca495991b7852b855",
      "error": null,
      "cache_reused": true,
      "source_id": "checklists-de-novo-hearing",
      "changed_since_last_verified": true
    },
    {
      "url": "https://www.courts.michigan.gov/siteassets/rules-instructions-administrative-orders/michigan-court-rules/michigan-court-rules-responsive-html5.zip/Michigan_Court_Rules/",
      "status": 204,
      "final_url": "https://www.courts.michigan.gov/siteassets/rules-instructions-administrative-orders/michigan-court-rules/michigan-court-rules-responsive-html5.zip/Michigan_Court_Rules/",
      "redirected": false,
      "title": null,
      "content_hash": "e3b0c44298fc1c149afbf4c8996fb92427ae41e4649b934ca495991b7852b855",
      "error": null,
      "cache_reused": true,
      "source_id": "checklists-discovery-response",
      "changed_since_last_verified": true
    },
    {
      "url": "https://www.courts.michigan.gov/siteassets/rules-instructions-administrative-orders/michigan-court-rules/michigan-court-rules-responsive-html5.zip/Michigan_Court_Rules/",
      "status": 204,
      "final_url": "https://www.courts.michigan.gov/siteassets/rules-instructions-administrative-orders/michigan-court-rules/michigan-court-rules-responsive-html5.zip/Michigan_Court_Rules/",
      "redirected": false,
      "title": null,
      "content_hash": "e3b0c44298fc1c149afbf4c8996fb92427ae41e4649b934ca495991b7852b855",
      "error": null,
      "cache_reused": true,
      "source_id": "checklists-evidentiary-hearing",
      "changed_since_last_verified": true
    },
    {
      "url": "https://www.courts.michigan.gov/siteassets/rules-instructions-administrative-orders/michigan-court-rules/michigan-court-rules-responsive-html5.zip/Michigan_Court_Rules/",
      "status": 204,
      "final_url": "https://www.courts.michigan.gov/siteassets/rules-instructions-administrative-orders/michigan-court-rules/michigan-court-rules-responsive-html5.zip/Michigan_Court_Rules/",
      "redirected": false,
      "title": null,
      "content_hash": "e3b0c44298fc1c149afbf4c8996fb92427ae41e4649b934ca495991b7852b855",
      "error": null,
      "cache_reused": true,
      "source_id": "checklists-exhibit-prep",
      "changed_since_last_verified": true
    },
    {
      "url": "https://www.courts.michigan.gov/siteassets/rules-instructions-administrative-orders/michigan-court-rules/michigan-court-rules-responsive-html5.zip/Michigan_Court_Rules/",
      "status": 204,
      "final_url": "https://www.courts.michigan.gov/siteassets/rules-instructions-administrative-orders/michigan-court-rules/michigan-court-rules-responsive-html5.zip/Michigan_Court_Rules/",
      "redirected": false,
      "title": null,
      "content_hash": "e3b0c44298fc1c149afbf4c8996fb92427ae41e4649b934ca495991b7852b855",
      "error": null,
      "cache_reused": true,
      "source_id": "checklists-hearing-day",
      "changed_since_last_verified": true
    },
    {
      "url": "https://www.courts.michigan.gov/siteassets/rules-instructions-administrative-orders/michigan-court-rules/michigan-court-rules-responsive-html5.zip/Michigan_Court_Rules/",
      "status": 204,
      "final_url": "https://www.courts.michigan.gov/siteassets/rules-instructions-administrative-orders/michigan-court-rules/michigan-court-rules-responsive-html5.zip/Michigan_Court_Rules/",
      "redirected": false,
      "title": null,
      "content_hash": "e3b0c44298fc1c149afbf4c8996fb92427ae41e4649b934ca495991b7852b855",
      "error": null,
      "cache_reused": true,
      "source_id": "checklists-meet-and-confer",
      "changed_since_last_verified": true
    },
    {
      "url": "https://www.courts.michigan.gov/siteassets/rules-instructions-administrative-orders/michigan-court-rules/michigan-court-rules-responsive-html5.zip/Michigan_Court_Rules/",
      "status": 204,
      "final_url": "https://www.courts.michigan.gov/siteassets/rules-instructions-administrative-orders/michigan-court-rules/michigan-court-rules-responsive-html5.zip/Michigan_Court_Rules/",
      "redirected": false,
      "title": null,
      "content_hash": "e3b0c44298fc1c149afbf4c8996fb92427ae41e4649b934ca495991b7852b855",
      "error": null,
      "cache_reused": true,
      "source_id": "checklists-motion-filing",
      "changed_since_last_verified": true
    },
    {
      "url": "https://www.courts.michigan.gov/siteassets/rules-instructions-administrative-orders/michigan-court-rules/michigan-court-rules-responsive-html5.zip/Michigan_Court_Rules/",
      "status": 204,
      "final_url": "https://www.courts.michigan.gov/siteassets/rules-instructions-administrative-orders/michigan-court-rules/michigan-court-rules-responsive-html5.zip/Michigan_Court_Rules/",
      "redirected": false,
      "title": null,
      "content_hash": "e3b0c44298fc1c149afbf4c8996fb92427ae41e4649b934ca495991b7852b855",
      "error": null,
      "cache_reused": true,
      "source_id": "checklists-post-hearing-order-entry",
      "changed_since_last_verified": true
    },
    {
      "url": "https://www.courts.michigan.gov/siteassets/rules-instructions-administrative-orders/michigan-court-rules/michigan-court-rules-responsive-html5.zip/Michigan_Court_Rules/",
      "status": 204,
      "final_url": "https://www.courts.michigan.gov/siteassets/rules-instructions-administrative-orders/michigan-court-rules/michigan-court-rules-responsive-html5.zip/Michigan_Court_Rules/",
      "redirected": false,
      "title": null,
      "content_hash": "e3b0c44298fc1c149afbf4c8996fb92427ae41e4649b934ca495991b7852b855",
      "error": null,
      "cache_reused": true,
      "source_id": "checklists-pre-filing",
      "changed_since_last_verified": true
    },
    {
      "url": "https://www.courts.michigan.gov/siteassets/rules-instructions-administrative-orders/michigan-court-rules/michigan-court-rules-responsive-html5.zip/Michigan_Court_Rules/",
      "status": 204,
      "final_url": "https://www.courts.michigan.gov/siteassets/rules-instructions-administrative-orders/michigan-court-rules/michigan-court-rules-responsive-html5.zip/Michigan_Court_Rules/",
      "redirected": false,
      "title": null,
      "content_hash": "e3b0c44298fc1c149afbf4c8996fb92427ae41e4649b934ca495991b7852b855",
      "error": null,
      "cache_reused": true,
      "source_id": "checklists-redaction",
      "changed_since_last_verified": true
    },
    {
      "url": "https://www.courts.michigan.gov/siteassets/rules-instructions-administrative-orders/michigan-court-rules/michigan-court-rules-responsive-html5.zip/Michigan_Court_Rules/",
      "status": 204,
      "final_url": "https://www.courts.michigan.gov/siteassets/rules-instructions-administrative-orders/michigan-court-rules/michigan-court-rules-responsive-html5.zip/Michigan_Court_Rules/",
      "redirected": false,
      "title": null,
      "content_hash": "e3b0c44298fc1c149afbf4c8996fb92427ae41e4649b934ca495991b7852b855",
      "error": null,
      "cache_reused": true,
      "source_id": "checklists-referee-hearing",
      "changed_since_last_verified": true
    },
    {
      "url": "https://www.courts.michigan.gov/siteassets/rules-instructions-administrative-orders/michigan-court-rules/michigan-court-rules-responsive-html5.zip/Michigan_Court_Rules/",
      "status": 204,
      "final_url": "https://www.courts.michigan.gov/siteassets/rules-instructions-administrative-orders/michigan-court-rules/michigan-court-rules-responsive-html5.zip/Michigan_Court_Rules/",
      "redirected": false,
      "title": null,
      "content_hash": "e3b0c44298fc1c149afbf4c8996fb92427ae41e4649b934ca495991b7852b855",
      "error": null,
      "cache_reused": true,
      "source_id": "checklists-safety-planning",
      "changed_since_last_verified": true
    },
    {
      "url": "https://www.courts.michigan.gov/siteassets/rules-instructions-administrative-orders/michigan-court-rules/michigan-court-rules-responsive-html5.zip/Michigan_Court_Rules/",
      "status": 204,
      "final_url": "https://www.courts.michigan.gov/siteassets/rules-instructions-administrative-orders/michigan-court-rules/michigan-court-rules-responsive-html5.zip/Michigan_Court_Rules/",
      "redirected": false,
      "title": null,
      "content_hash": "e3b0c44298fc1c149afbf4c8996fb92427ae41e4649b934ca495991b7852b855",
      "error": null,
      "cache_reused": true,
      "source_id": "checklists-service",
      "changed_since_last_verified": true
    },
    {
      "url": "https://www.courts.michigan.gov/siteassets/rules-instructions-administrative-orders/michigan-court-rules/michigan-court-rules-responsive-html5.zip/Michigan_Court_Rules/",
      "status": 204,
      "final_url": "https://www.courts.michigan.gov/siteassets/rules-instructions-administrative-orders/michigan-court-rules/michigan-court-rules-responsive-html5.zip/Michigan_Court_Rules/",
      "redirected": false,
      "title": null,
      "content_hash": "e3b0c44298fc1c149afbf4c8996fb92427ae41e4649b934ca495991b7852b855",
      "error": null,
      "cache_reused": true,
      "source_id": "decision-trees-can-i-use-this-evidence",
      "changed_since_last_verified": true
    },
    {
      "url": "https://www.courts.michigan.gov/siteassets/rules-instructions-administrative-orders/michigan-court-rules/michigan-court-rules-responsive-html5.zip/Michigan_Court_Rules/",
      "status": 204,
      "final_url": "https://www.courts.michigan.gov/siteassets/rules-instructions-administrative-orders/michigan-court-rules/michigan-court-rules-responsive-html5.zip/Michigan_Court_Rules/",
      "redirected": false,
      "title": null,
      "content_hash": "e3b0c44298fc1c149afbf4c8996fb92427ae41e4649b934ca495991b7852b855",
      "error": null,
      "cache_reused": true,
      "source_id": "decision-trees-discovery-dispute-escalation",
      "changed_since_last_verified": true
    },
    {
      "url": "https://www.courts.michigan.gov/siteassets/rules-instructions-administrative-orders/michigan-court-rules/michigan-court-rules-responsive-html5.zip/Michigan_Court_Rules/",
      "status": 204,
      "final_url": "https://www.courts.michigan.gov/siteassets/rules-instructions-administrative-orders/michigan-court-rules/michigan-court-rules-responsive-html5.zip/Michigan_Court_Rules/",
      "redirected": false,
      "title": null,
      "content_hash": "e3b0c44298fc1c149afbf4c8996fb92427ae41e4649b934ca495991b7852b855",
      "error": null,
      "cache_reused": true,
      "source_id": "decision-trees-dv-disclosure-and-screening",
      "changed_since_last_verified": true
    },
    {
      "url": "https://www.courts.michigan.gov/siteassets/rules-instructions-administrative-orders/michigan-court-rules/michigan-court-rules-responsive-html5.zip/Michigan_Court_Rules/",
      "status": 204,
      "final_url": "https://www.courts.michigan.gov/siteassets/rules-instructions-administrative-orders/michigan-court-rules/michigan-court-rules-responsive-html5.zip/Michigan_Court_Rules/",
      "redirected": false,
      "title": null,
      "content_hash": "e3b0c44298fc1c149afbf4c8996fb92427ae41e4649b934ca495991b7852b855",
      "error": null,
      "cache_reused": true,
      "source_id": "decision-trees-emergency-ex-parte",
      "changed_since_last_verified": true
    },
    {
      "url": "https://www.courts.michigan.gov/siteassets/rules-instructions-administrative-orders/michigan-court-rules/michigan-court-rules-responsive-html5.zip/Michigan_Court_Rules/",
      "status": 204,
      "final_url": "https://www.courts.michigan.gov/siteassets/rules-instructions-administrative-orders/michigan-court-rules/michigan-court-rules-responsive-html5.zip/Michigan_Court_Rules/",
      "redirected": false,
      "title": null,
      "content_hash": "e3b0c44298fc1c149afbf4c8996fb92427ae41e4649b934ca495991b7852b855",
      "error": null,
      "cache_reused": true,
      "source_id": "decision-trees-hand-me-down-device",
      "changed_since_last_verified": true
    },
    {
      "url": "https://www.courts.michigan.gov/siteassets/rules-instructions-administrative-orders/michigan-court-rules/michigan-court-rules-responsive-html5.zip/Michigan_Court_Rules/",
      "status": 204,
      "final_url": "https://www.courts.michigan.gov/siteassets/rules-instructions-administrative-orders/michigan-court-rules/michigan-court-rules-responsive-html5.zip/Michigan_Court_Rules/",
      "redirected": false,
      "title": null,
      "content_hash": "e3b0c44298fc1c149afbf4c8996fb92427ae41e4649b934ca495991b7852b855",
      "error": null,
      "cache_reused": true,
      "source_id": "decision-trees-hearsay-path",
      "changed_since_last_verified": true
    },
    {
      "url": "https://www.courts.michigan.gov/siteassets/rules-instructions-administrative-orders/michigan-court-rules/michigan-court-rules-responsive-html5.zip/Michigan_Court_Rules/",
      "status": 204,
      "final_url": "https://www.courts.michigan.gov/siteassets/rules-instructions-administrative-orders/michigan-court-rules/michigan-court-rules-responsive-html5.zip/Michigan_Court_Rules/",
      "redirected": false,
      "title": null,
      "content_hash": "e3b0c44298fc1c149afbf4c8996fb92427ae41e4649b934ca495991b7852b855",
      "error": null,
      "cache_reused": true,
      "source_id": "decision-trees-object-or-let-it-go",
      "changed_since_last_verified": true
    },
    {
      "url": "https://www.courts.michigan.gov/siteassets/rules-instructions-administrative-orders/michigan-court-rules/michigan-court-rules-responsive-html5.zip/Michigan_Court_Rules/",
      "status": 204,
      "final_url": "https://www.courts.michigan.gov/siteassets/rules-instructions-administrative-orders/michigan-court-rules/michigan-court-rules-responsive-html5.zip/Michigan_Court_Rules/",
      "redirected": false,
      "title": null,
      "content_hash": "e3b0c44298fc1c149afbf4c8996fb92427ae41e4649b934ca495991b7852b855",
      "error": null,
      "cache_reused": true,
      "source_id": "decision-trees-privileged-records",
      "changed_since_last_verified": true
    },
    {
      "url": "https://www.courts.michigan.gov/siteassets/rules-instructions-administrative-orders/michigan-court-rules/michigan-court-rules-responsive-html5.zip/Michigan_Court_Rules/",
      "status": 204,
      "final_url": "https://www.courts.michigan.gov/siteassets/rules-instructions-administrative-orders/michigan-court-rules/michigan-court-rules-responsive-html5.zip/Michigan_Court_Rules/",
      "redirected": false,
      "title": null,
      "content_hash": "e3b0c44298fc1c149afbf4c8996fb92427ae41e4649b934ca495991b7852b855",
      "error": null,
      "cache_reused": true,
      "source_id": "decision-trees-recording-legality",
      "changed_since_last_verified": true
    },
    {
      "url": "https://www.courts.michigan.gov/siteassets/rules-instructions-administrative-orders/michigan-court-rules/michigan-court-rules-responsive-html5.zip/Michigan_Court_Rules/",
      "status": 204,
      "final_url": "https://www.courts.michigan.gov/siteassets/rules-instructions-administrative-orders/michigan-court-rules/michigan-court-rules-responsive-html5.zip/Michigan_Court_Rules/",
      "redirected": false,
      "title": null,
      "content_hash": "e3b0c44298fc1c149afbf4c8996fb92427ae41e4649b934ca495991b7852b855",
      "error": null,
      "cache_reused": true,
      "source_id": "decision-trees-referee-vs-judge",
      "changed_since_last_verified": true
    },
    {
      "url": "https://www.courts.michigan.gov/siteassets/rules-instructions-administrative-orders/michigan-court-rules/michigan-court-rules-responsive-html5.zip/Michigan_Court_Rules/",
      "status": 204,
      "final_url": "https://www.courts.michigan.gov/siteassets/rules-instructions-administrative-orders/michigan-court-rules/michigan-court-rules-responsive-html5.zip/Michigan_Court_Rules/",
      "redirected": false,
      "title": null,
      "content_hash": "e3b0c44298fc1c149afbf4c8996fb92427ae41e4649b934ca495991b7852b855",
      "error": null,
      "cache_reused": true,
      "source_id": "examples-annotated-bad-example",
      "changed_since_last_verified": true
    },
    {
      "url": "https://www.courts.michigan.gov/siteassets/rules-instructions-administrative-orders/michigan-court-rules/michigan-court-rules-responsive-html5.zip/Michigan_Court_Rules/",
      "status": 204,
      "final_url": "https://www.courts.michigan.gov/siteassets/rules-instructions-administrative-orders/michigan-court-rules/michigan-court-rules-responsive-html5.zip/Michigan_Court_Rules/",
      "redirected": false,
      "title": null,
      "content_hash": "e3b0c44298fc1c149afbf4c8996fb92427ae41e4649b934ca495991b7852b855",
      "error": null,
      "cache_reused": true,
      "source_id": "examples-worked-chronology-excerpt",
      "changed_since_last_verified": true
    },
    {
      "url": "https://www.courts.michigan.gov/siteassets/rules-instructions-administrative-orders/michigan-court-rules/michigan-court-rules-responsive-html5.zip/Michigan_Court_Rules/",
      "status": 204,
      "final_url": "https://www.courts.michigan.gov/siteassets/rules-instructions-administrative-orders/michigan-court-rules/michigan-court-rules-responsive-html5.zip/Michigan_Court_Rules/",
      "redirected": false,
      "title": null,
      "content_hash": "e3b0c44298fc1c149afbf4c8996fb92427ae41e4649b934ca495991b7852b855",
      "error": null,
      "cache_reused": true,
      "source_id": "examples-worked-deficiency-letter",
      "changed_since_last_verified": true
    },
    {
      "url": "https://www.courts.michigan.gov/siteassets/rules-instructions-administrative-orders/michigan-court-rules/michigan-court-rules-responsive-html5.zip/Michigan_Court_Rules/",
      "status": 204,
      "final_url": "https://www.courts.michigan.gov/siteassets/rules-instructions-administrative-orders/michigan-court-rules/michigan-court-rules-responsive-html5.zip/Michigan_Court_Rules/",
      "redirected": false,
      "title": null,
      "content_hash": "e3b0c44298fc1c149afbf4c8996fb92427ae41e4649b934ca495991b7852b855",
      "error": null,
      "cache_reused": true,
      "source_id": "examples-worked-foundation-transcript",
      "changed_since_last_verified": true
    },
    {
      "url": "https://www.courts.michigan.gov/siteassets/rules-instructions-administrative-orders/michigan-court-rules/michigan-court-rules-responsive-html5.zip/Michigan_Court_Rules/",
      "status": 204,
      "final_url": "https://www.courts.michigan.gov/siteassets/rules-instructions-administrative-orders/michigan-court-rules/michigan-court-rules-responsive-html5.zip/Michigan_Court_Rules/",
      "redirected": false,
      "title": null,
      "content_hash": "e3b0c44298fc1c149afbf4c8996fb92427ae41e4649b934ca495991b7852b855",
      "error": null,
      "cache_reused": true,
      "source_id": "examples-worked-motion-to-compel",
      "changed_since_last_verified": true
    },
    {
      "url": "https://www.courts.michigan.gov/siteassets/rules-instructions-administrative-orders/michigan-court-rules/michigan-court-rules-responsive-html5.zip/Michigan_Court_Rules/",
      "status": 204,
      "final_url": "https://www.courts.michigan.gov/siteassets/rules-instructions-administrative-orders/michigan-court-rules/michigan-court-rules-responsive-html5.zip/Michigan_Court_Rules/",
      "redirected": false,
      "title": null,
      "content_hash": "e3b0c44298fc1c149afbf4c8996fb92427ae41e4649b934ca495991b7852b855",
      "error": null,
      "cache_reused": true,
      "source_id": "examples-worked-objection",
      "changed_since_last_verified": true
    },
    {
      "url": "https://www.courts.michigan.gov/siteassets/rules-instructions-administrative-orders/michigan-court-rules/michigan-court-rules-responsive-html5.zip/Michigan_Court_Rules/",
      "status": 204,
      "final_url": "https://www.courts.michigan.gov/siteassets/rules-instructions-administrative-orders/michigan-court-rules/michigan-court-rules-responsive-html5.zip/Michigan_Court_Rules/",
      "redirected": false,
      "title": null,
      "content_hash": "e3b0c44298fc1c149afbf4c8996fb92427ae41e4649b934ca495991b7852b855",
      "error": null,
      "cache_reused": true,
      "source_id": "examples-worked-rfa-set",
      "changed_since_last_verified": true
    },
    {
      "url": "https://www.courts.michigan.gov/siteassets/rules-instructions-administrative-orders/michigan-court-rules/michigan-court-rules-responsive-html5.zip/Michigan_Court_Rules/",
      "status": 204,
      "final_url": "https://www.courts.michigan.gov/siteassets/rules-instructions-administrative-orders/michigan-court-rules/michigan-court-rules-responsive-html5.zip/Michigan_Court_Rules/",
      "redirected": false,
      "title": null,
      "content_hash": "e3b0c44298fc1c149afbf4c8996fb92427ae41e4649b934ca495991b7852b855",
      "error": null,
      "cache_reused": true,
      "source_id": "examples-worked-rfp-set",
      "changed_since_last_verified": true
    },
    {
      "url": "https://cms2.revize.com/revize/geneseecountyjudicialcourt/Documents/General%20Information/Local%20Administrative%20Orders/2025/C07%202025-04.pdf",
      "status": 200,
      "final_url": "https://cms2.revize.com/revize/geneseecountyjudicialcourt/Documents/General%20Information/Local%20Administrative%20Orders/2025/C07%202025-04.pdf",
      "redirected": false,
      "title": null,
      "content_hash": "aa3e1de54cce77e827b421d6b10480f0dc2a59665ee44e23b4e07625fb1ff0b7",
      "error": null,
      "cache_reused": false,
      "source_id": "family-court-plan",
      "changed_since_last_verified": true
    },
    {
      "url": "https://www.geneseecountymi.gov/courts_and_law_enforcement/friend_of_the_court/index.php",
      "status": 200,
      "final_url": "https://www.geneseecountymi.gov/courts_and_law_enforcement/friend_of_the_court/index.php",
      "redirected": false,
      "title": "Genesee County, MI",
      "content_hash": "a54747630f91dbe4a14721c67ead6e0c55bc1200ed22c1a24429afc98703a08a",
      "error": null,
      "cache_reused": false,
      "source_id": "genesee-filing-service-efiling",
      "changed_since_last_verified": true
    },
    {
      "url": "https://www.geneseecountymi.gov/courts_and_law_enforcement/friend_of_the_court/index.php",
      "status": 200,
      "final_url": "https://www.geneseecountymi.gov/courts_and_law_enforcement/friend_of_the_court/index.php",
      "redirected": false,
      "title": "Genesee County, MI",
      "content_hash": "a54747630f91dbe4a14721c67ead6e0c55bc1200ed22c1a24429afc98703a08a",
      "error": null,
      "cache_reused": true,
      "source_id": "genesee-foc-office-and-referees",
      "changed_since_last_verified": true
    },
    {
      "url": "https://cms2.revize.com/revize/geneseecountyjudicialcourt/Documents/General%20Information/Local%20Administrative%20Orders/2025/C07%202025-04.pdf",
      "status": 200,
      "final_url": "https://cms2.revize.com/revize/geneseecountyjudicialcourt/Documents/General%20Information/Local%20Administrative%20Orders/2025/C07%202025-04.pdf",
      "redirected": false,
      "title": null,
      "content_hash": "aa3e1de54cce77e827b421d6b10480f0dc2a59665ee44e23b4e07625fb1ff0b7",
      "error": null,
      "cache_reused": true,
      "source_id": "genesee-judge-policies-ariana-e-heath",
      "changed_since_last_verified": true
    },
    {
      "url": "https://cms2.revize.com/revize/geneseecountyjudicialcourt/Documents/General%20Information/Local%20Administrative%20Orders/2025/C07%202025-04.pdf",
      "status": 200,
      "final_url": "https://cms2.revize.com/revize/geneseecountyjudicialcourt/Documents/General%20Information/Local%20Administrative%20Orders/2025/C07%202025-04.pdf",
      "redirected": false,
      "title": null,
      "content_hash": "aa3e1de54cce77e827b421d6b10480f0dc2a59665ee44e23b4e07625fb1ff0b7",
      "error": null,
      "cache_reused": true,
      "source_id": "genesee-judge-policies-dawn-m-weier",
      "changed_since_last_verified": true
    },
    {
      "url": "https://cms2.revize.com/revize/geneseecountyjudicialcourt/Documents/General%20Information/Local%20Administrative%20Orders/2025/C07%202025-04.pdf",
      "status": 200,
      "final_url": "https://cms2.revize.com/revize/geneseecountyjudicialcourt/Documents/General%20Information/Local%20Administrative%20Orders/2025/C07%202025-04.pdf",
      "redirected": false,
      "title": null,
      "content_hash": "aa3e1de54cce77e827b421d6b10480f0dc2a59665ee44e23b4e07625fb1ff0b7",
      "error": null,
      "cache_reused": true,
      "source_id": "genesee-judge-policies-john-a-gadola",
      "changed_since_last_verified": true
    },
    {
      "url": "https://cms2.revize.com/revize/geneseecountyjudicialcourt/Documents/General%20Information/Local%20Administrative%20Orders/2025/C07%202025-04.pdf",
      "status": 200,
      "final_url": "https://cms2.revize.com/revize/geneseecountyjudicialcourt/Documents/General%20Information/Local%20Administrative%20Orders/2025/C07%202025-04.pdf",
      "redirected": false,
      "title": null,
      "content_hash": "aa3e1de54cce77e827b421d6b10480f0dc2a59665ee44e23b4e07625fb1ff0b7",
      "error": null,
      "cache_reused": true,
      "source_id": "genesee-judge-policies-khary-l-hanible",
      "changed_since_last_verified": true
    },
    {
      "url": "https://www.courts.michigan.gov/492c71/siteassets/rules-instructions-administrative-orders/local-court-rules/local-court-rules-circuit-court.pdf",
      "status": 200,
      "final_url": "https://www.courts.michigan.gov/492c71/siteassets/rules-instructions-administrative-orders/local-court-rules/local-court-rules-circuit-court.pdf",
      "redirected": false,
      "title": null,
      "content_hash": "04e7c560b63b0cf8c543714a87ed383679b3d1de95d25060cb2ec8513fff0ce2",
      "error": null,
      "cache_reused": false,
      "source_id": "genesee-lcr-2-119-concurrence",
      "changed_since_last_verified": true
    },
    {
      "url": "https://michiganlegalhelp.org/courts-and-agencies/genesee-county-friend-of-court",
      "status": 200,
      "final_url": "https://michiganlegalhelp.org/courts-and-agencies/genesee-county-friend-of-court",
      "redirected": false,
      "title": "Genesee County Friend of the Court | Michigan Legal Help",
      "content_hash": "b0ed67b2418db5524425636112a53db1e0278d6fd971b7d6f014b40e1b224872",
      "error": null,
      "cache_reused": false,
      "source_id": "genesee-legal-resource-center",
      "changed_since_last_verified": true
    },
    {
      "url": "https://cms2.revize.com/revize/geneseecountyjudicialcourt/Documents/General%20Information/Local%20Administrative%20Orders/2025/C07%202025-04.pdf",
      "status": 200,
      "final_url": "https://cms2.revize.com/revize/geneseecountyjudicialcourt/Documents/General%20Information/Local%20Administrative%20Orders/2025/C07%202025-04.pdf",
      "redirected": false,
      "title": null,
      "content_hash": "aa3e1de54cce77e827b421d6b10480f0dc2a59665ee44e23b4e07625fb1ff0b7",
      "error": null,
      "cache_reused": true,
      "source_id": "genesee-local-administrative-orders",
      "changed_since_last_verified": true
    },
    {
      "url": "https://www.courts.michigan.gov/siteassets/rules-instructions-administrative-orders/michigan-court-rules/michigan-court-rules-responsive-html5.zip/Michigan_Court_Rules/",
      "status": 204,
      "final_url": "https://www.courts.michigan.gov/siteassets/rules-instructions-administrative-orders/michigan-court-rules/michigan-court-rules-responsive-html5.zip/Michigan_Court_Rules/",
      "redirected": false,
      "title": null,
      "content_hash": "e3b0c44298fc1c149afbf4c8996fb92427ae41e4649b934ca495991b7852b855",
      "error": null,
      "cache_reused": true,
      "source_id": "genesee-objection-to-referee-recommendation",
      "changed_since_last_verified": true
    },
    {
      "url": "https://www.ecfr.gov/current/title-45/subtitle-B/chapter-III/part-303",
      "status": 200,
      "final_url": "https://unblock.federalregister.gov/",
      "redirected": true,
      "title": "Federal Register :: Request Access",
      "content_hash": "b4aa60467f001ceb8f01c281578ea7ed8b7c49741812d8a84172ed3292ed522b",
      "error": null,
      "cache_reused": false,
      "source_id": "guidance-cfr-45-parts-301-310",
      "changed_since_last_verified": true
    },
    {
      "url": "https://www.courts.michigan.gov/4a7a53/siteassets/court-administration/standardsguidelines/foc/2025mcsf.pdf",
      "status": 200,
      "final_url": "https://www.courts.michigan.gov/4a7a53/siteassets/court-administration/standardsguidelines/foc/2025mcsf.pdf",
      "redirected": false,
      "title": null,
      "content_hash": "905bea9d5e7856d14454496a6eac52721a842d9eceb37f579b4c096ffcac505f",
      "error": null,
      "cache_reused": false,
      "source_id": "guidance-child-support-formula-manual",
      "changed_since_last_verified": true
    },
    {
      "url": "https://www.courts.michigan.gov/court-administration/standardsguidelines/foc/",
      "status": 404,
      "final_url": "https://www.courts.michigan.gov/court-administration/standardsguidelines/foc/",
      "redirected": false,
      "title": null,
      "content_hash": null,
      "error": "http_error",
      "cache_reused": false,
      "source_id": "guidance-child-support-formula-supplement",
      "changed_since_last_verified": true
    },
    {
      "url": "https://www.courts.michigan.gov/court-administration/standardsguidelines/foc/",
      "status": 404,
      "final_url": "https://www.courts.michigan.gov/court-administration/standardsguidelines/foc/",
      "redirected": false,
      "title": null,
      "content_hash": null,
      "error": "http_error",
      "cache_reused": true,
      "source_id": "guidance-foc-bureau",
      "changed_since_last_verified": true
    },
    {
      "url": "https://www.courts.michigan.gov/court-administration/standardsguidelines/foc/",
      "status": 404,
      "final_url": "https://www.courts.michigan.gov/court-administration/standardsguidelines/foc/",
      "redirected": false,
      "title": null,
      "content_hash": null,
      "error": "http_error",
      "cache_reused": true,
      "source_id": "guidance-foc-model-handbook",
      "changed_since_last_verified": true
    },
    {
      "url": "https://icle.org/books/mflb/",
      "status": 200,
      "final_url": "https://icle.org/modules/store/books/book.aspx?PRODUCT_CODE=2006553550",
      "redirected": true,
      "title": "ICLE | Michigan Family Law Benchbook, Second Edition",
      "content_hash": "b7cb6d1bd72c6cfe868e221970e3f796718585d6b6ae16a6e899d2b7836c39e4",
      "error": null,
      "cache_reused": false,
      "source_id": "guidance-icle-family-law-benchbook-cite-only",
      "changed_since_last_verified": true
    },
    {
      "url": "https://www.michigan.gov/mdhhs/doing-business/cw-staff/cw-manual",
      "status": 200,
      "final_url": "https://www.michigan.gov/mdhhs/doing-business/cw-staff/cw-manual",
      "redirected": false,
      "title": "Child Welfare Law Manual",
      "content_hash": "f957bf1e10f001acd29bfce61f71068558b5d7cfede2ba2e8644fc2d44f4b003",
      "error": null,
      "cache_reused": false,
      "source_id": "guidance-mdhhs-child-welfare-law-manual",
      "changed_since_last_verified": true
    },
    {
      "url": "https://www.michigan.gov/mdhhs/doing-business/cw-staff/cw-manual",
      "status": 200,
      "final_url": "https://www.michigan.gov/mdhhs/doing-business/cw-staff/cw-manual",
      "redirected": false,
      "title": "Child Welfare Law Manual",
      "content_hash": "f957bf1e10f001acd29bfce61f71068558b5d7cfede2ba2e8644fc2d44f4b003",
      "error": null,
      "cache_reused": true,
      "source_id": "guidance-mdhhs-confidentiality-and-records",
      "changed_since_last_verified": true
    },
    {
      "url": "https://mdhhs-pres-prod.michigan.gov/olmweb/ex/html/",
      "status": 200,
      "final_url": "https://mdhhs-pres-prod.michigan.gov/olmweb/ex/html/",
      "redirected": false,
      "title": "Current MDHHS Policy Manuals",
      "content_hash": "750a5800b1e377478c64b68383ce896220249624fdc1d5d8514d3d09f5200e69",
      "error": null,
      "cache_reused": false,
      "source_id": "guidance-mdhhs-cps-policy-manual",
      "changed_since_last_verified": true
    },
    {
      "url": "https://www.courts.michigan.gov/siteassets/forms/scao-approved/foc124.pdf",
      "status": 200,
      "final_url": "https://www.courts.michigan.gov/siteassets/forms/scao-approved/foc124.pdf",
      "redirected": false,
      "title": null,
      "content_hash": "fa856936d70c7e027340a48d0fd5fa65f577a2efbabd32a34eff75eaca80f7ef",
      "error": null,
      "cache_reused": false,
      "source_id": "guidance-mdhhs-family-violence-and-dv-screening",
      "changed_since_last_verified": true
    },
    {
      "url": "https://mdhhs-pres-prod.michigan.gov/ChildSupport/policy/",
      "status": 200,
      "final_url": "https://mdhhs-pres-prod.michigan.gov/ChildSupport/policy/",
      "redirected": false,
      "title": "Office of Child Support: Policy listed by Section",
      "content_hash": "4e7121f3220529c3f69d6b26f9b5faaa1358fdd8beccb916a00285503aceab39",
      "error": null,
      "cache_reused": false,
      "source_id": "guidance-mdhhs-ivd-child-support-manual",
      "changed_since_last_verified": true
    },
    {
      "url": "https://mdhhs-pres-prod.michigan.gov/ChildSupport/policy/",
      "status": 200,
      "final_url": "https://mdhhs-pres-prod.michigan.gov/ChildSupport/policy/",
      "redirected": false,
      "title": "Office of Child Support: Policy listed by Section",
      "content_hash": "4e7121f3220529c3f69d6b26f9b5faaa1358fdd8beccb916a00285503aceab39",
      "error": null,
      "cache_reused": true,
      "source_id": "guidance-mdhhs-office-of-child-support-policy",
      "changed_since_last_verified": true
    },
    {
      "url": "https://www.courts.michigan.gov/49bf88/siteassets/publications/benchbooks/cpp/cpp.pdf",
      "status": 200,
      "final_url": "https://www.courts.michigan.gov/4a133e/siteassets/publications/benchbooks/cpp/cpp.pdf",
      "redirected": true,
      "title": null,
      "content_hash": "5e2758094de245d94f48899c73c07ae85c4e18695b777a44da49a31042ff464e",
      "error": null,
      "cache_reused": false,
      "source_id": "guidance-mji-child-protective-proceedings-benchbook",
      "changed_since_last_verified": true
    },
    {
      "url": "https://www.courts.michigan.gov/4aef3b/siteassets/publications/benchbooks/civil/civilbb.pdf",
      "status": 200,
      "final_url": "https://www.courts.michigan.gov/4a17af/siteassets/publications/benchbooks/civil/civilbb.pdf",
      "redirected": true,
      "title": null,
      "content_hash": "1762e4e005d07941ec96a900fec756e75b1a850d9a7fec42c420b9ec29caff57",
      "error": null,
      "cache_reused": false,
      "source_id": "guidance-mji-civil-proceedings-benchbook",
      "changed_since_last_verified": true
    },
    {
      "url": "https://www.courts.michigan.gov/4aa855/siteassets/publications/benchbooks/qrms/contempt/contempt-of-court-flowchart.pdf",
      "status": 200,
      "final_url": "https://www.courts.michigan.gov/4aa855/siteassets/publications/benchbooks/qrms/contempt/contempt-of-court-flowchart.pdf",
      "redirected": false,
      "title": null,
      "content_hash": "7d5133f4fa69b5e5b435b4d8ff19f7189de16908b63a5e44d77f3015ea068509",
      "error": null,
      "cache_reused": false,
      "source_id": "guidance-mji-contempt-resources",
      "changed_since_last_verified": true
    },
    {
      "url": "https://www.courts.michigan.gov/4ab386/siteassets/publications/benchbooks/qrms/family/domestic-relations/issuance-of-child-support-checklist.pdf",
      "status": 200,
      "final_url": "https://www.courts.michigan.gov/4ab386/siteassets/publications/benchbooks/qrms/family/domestic-relations/issuance-of-child-support-checklist.pdf",
      "redirected": false,
      "title": null,
      "content_hash": "02fd0e7970fd014e391f946f435121aa0b82687079ab2d93633c9fcfca1a3579",
      "error": null,
      "cache_reused": false,
      "source_id": "guidance-mji-domestic-relations-quick-reference",
      "changed_since_last_verified": true
    },
    {
      "url": "https://www.courts.michigan.gov/499b2f/siteassets/publications/benchbooks/dvbb/dvbb.pdf",
      "status": 200,
      "final_url": "https://www.courts.michigan.gov/49b12e/siteassets/publications/benchbooks/dvbb/dvbb.pdf",
      "redirected": true,
      "title": null,
      "content_hash": "bcaaf6a0b58f6766d7ff299f042e0e6bd1a5dcbfb97f0f510c618ef2f5df10ec",
      "error": null,
      "cache_reused": false,
      "source_id": "guidance-mji-domestic-violence-benchbook",
      "changed_since_last_verified": true
    },
    {
      "url": "https://www.courts.michigan.gov/49dfe1/siteassets/publications/benchbooks/evidence/evidbb.pdf",
      "status": 200,
      "final_url": "https://www.courts.michigan.gov/4a138a/siteassets/publications/benchbooks/evidence/evidbb.pdf",
      "redirected": true,
      "title": null,
      "content_hash": "ba648401d40a4e930cce15337d6ab41266d96c452db937b2e790552778d568a3",
      "error": null,
      "cache_reused": false,
      "source_id": "guidance-mji-evidence-benchbook",
      "changed_since_last_verified": true
    },
    {
      "url": "https://www.courts.michigan.gov/4a1362/siteassets/publications/benchbooks/jjbb/jjbb.pdf",
      "status": 200,
      "final_url": "https://www.courts.michigan.gov/4a1362/siteassets/publications/benchbooks/jjbb/jjbb.pdf",
      "redirected": false,
      "title": null,
      "content_hash": "711a5c44604eaa500d702cf008d7e43b2e888aa10e67a10c124a631dffd4faaa",
      "error": null,
      "cache_reused": false,
      "source_id": "guidance-mji-juvenile-and-probate-resources",
      "changed_since_last_verified": true
    },
    {
      "url": "https://www.courts.michigan.gov/forms/",
      "status": 200,
      "final_url": "https://www.courts.michigan.gov/forms/",
      "redirected": false,
      "title": null,
      "content_hash": "6c2ecda203e377603b7589559b898dc1eac98489303b473143c7bcc3b67f360a",
      "error": null,
      "cache_reused": false,
      "source_id": "guidance-scao-forms",
      "changed_since_last_verified": true
    },
    {
      "url": "https://www.govinfo.gov/content/pkg/USCODE-2023-title42/pdf/USCODE-2023-title42-chap7-subchapIV-partD.pdf",
      "status": 200,
      "final_url": "https://www.govinfo.gov/content/pkg/USCODE-2023-title42/pdf/USCODE-2023-title42-chap7-subchapIV-partD.pdf",
      "redirected": false,
      "title": null,
      "content_hash": "cde104766d86b353e87b9808de744eefd06a4cb7276c1d076a22d97bc1621290",
      "error": null,
      "cache_reused": false,
      "source_id": "guidance-title-iv-d-federal",
      "changed_since_last_verified": true
    },
    {
      "url": "https://www.legislature.mi.gov/Laws/MCL?objectName=MCL-552-501",
      "status": null,
      "final_url": "https://www.legislature.mi.gov/Laws/MCL?objectName=MCL-552-501",
      "redirected": false,
      "title": null,
      "content_hash": null,
      "error": "URLError",
      "cache_reused": false,
      "source_id": "michigan-child-custody-act",
      "changed_since_last_verified": true
    },
    {
      "url": "https://www.legislature.mi.gov/Laws/MCL?objectName=mcl-750-539c",
      "status": null,
      "final_url": "https://www.legislature.mi.gov/Laws/MCL?objectName=mcl-750-539c",
      "redirected": false,
      "title": null,
      "content_hash": null,
      "error": "URLError",
      "cache_reused": false,
      "source_id": "michigan-eavesdropping-and-recordings",
      "changed_since_last_verified": true
    },
    {
      "url": "https://www.legislature.mi.gov/Laws/MCL?objectName=MCL-552-501",
      "status": null,
      "final_url": "https://www.legislature.mi.gov/Laws/MCL?objectName=MCL-552-501",
      "redirected": false,
      "title": null,
      "content_hash": null,
      "error": "URLError",
      "cache_reused": true,
      "source_id": "michigan-foc-act",
      "changed_since_last_verified": true
    },
    {
      "url": "https://www.bia.gov/bia/ois/dhs/icwa",
      "status": 200,
      "final_url": "https://www.bia.gov/bia/ois/dhs/icwa",
      "redirected": false,
      "title": "Indian Child Welfare Act | Indian Affairs",
      "content_hash": "e46a8a6269916d66224ea82860e8a3bda1f848255769935b64af312a728a3927",
      "error": null,
      "cache_reused": false,
      "source_id": "michigan-icwa-mifpa",
      "changed_since_last_verified": true
    },
    {
      "url": "https://www.courts.michigan.gov/siteassets/rules-instructions-administrative-orders/michigan-court-rules/michigan-court-rules-responsive-html5.zip/Michigan_Court_Rules/",
      "status": 204,
      "final_url": "https://www.courts.michigan.gov/siteassets/rules-instructions-administrative-orders/michigan-court-rules/michigan-court-rules-responsive-html5.zip/Michigan_Court_Rules/",
      "redirected": false,
      "title": null,
      "content_hash": "e3b0c44298fc1c149afbf4c8996fb92427ae41e4649b934ca495991b7852b855",
      "error": null,
      "cache_reused": true,
      "source_id": "michigan-mcr-2-310-rfp",
      "changed_since_last_verified": true
    },
    {
      "url": "https://www.courts.michigan.gov/siteassets/rules-instructions-administrative-orders/michigan-court-rules/michigan-court-rules-responsive-html5.zip/Michigan_Court_Rules/",
      "status": 204,
      "final_url": "https://www.courts.michigan.gov/siteassets/rules-instructions-administrative-orders/michigan-court-rules/michigan-court-rules-responsive-html5.zip/Michigan_Court_Rules/",
      "redirected": false,
      "title": null,
      "content_hash": "e3b0c44298fc1c149afbf4c8996fb92427ae41e4649b934ca495991b7852b855",
      "error": null,
      "cache_reused": true,
      "source_id": "michigan-mcr-2-312-rfa",
      "changed_since_last_verified": true
    },
    {
      "url": "https://www.courts.michigan.gov/siteassets/rules-instructions-administrative-orders/michigan-court-rules/michigan-court-rules-responsive-html5.zip/Michigan_Court_Rules/",
      "status": 204,
      "final_url": "https://www.courts.michigan.gov/siteassets/rules-instructions-administrative-orders/michigan-court-rules/michigan-court-rules-responsive-html5.zip/Michigan_Court_Rules/",
      "redirected": false,
      "title": null,
      "content_hash": "e3b0c44298fc1c149afbf4c8996fb92427ae41e4649b934ca495991b7852b855",
      "error": null,
      "cache_reused": true,
      "source_id": "michigan-mcr-2-313-compel-sanctions",
      "changed_since_last_verified": true
    },
    {
      "url": "https://www.courts.michigan.gov/siteassets/rules-instructions-administrative-orders/michigan-court-rules/michigan-court-rules-responsive-html5.zip/Michigan_Court_Rules/",
      "status": 204,
      "final_url": "https://www.courts.michigan.gov/siteassets/rules-instructions-administrative-orders/michigan-court-rules/michigan-court-rules-responsive-html5.zip/Michigan_Court_Rules/",
      "redirected": false,
      "title": null,
      "content_hash": "e3b0c44298fc1c149afbf4c8996fb92427ae41e4649b934ca495991b7852b855",
      "error": null,
      "cache_reused": true,
      "source_id": "michigan-mcr-3-2xx-domestic-relations",
      "changed_since_last_verified": true
    },
    {
      "url": "https://www.courts.michigan.gov/siteassets/rules-instructions-administrative-orders/michigan-court-rules/michigan-court-rules-responsive-html5.zip/Michigan_Court_Rules/",
      "status": 204,
      "final_url": "https://www.courts.michigan.gov/siteassets/rules-instructions-administrative-orders/michigan-court-rules/michigan-court-rules-responsive-html5.zip/Michigan_Court_Rules/",
      "redirected": false,
      "title": null,
      "content_hash": "e3b0c44298fc1c149afbf4c8996fb92427ae41e4649b934ca495991b7852b855",
      "error": null,
      "cache_reused": true,
      "source_id": "michigan-mcr-motion-practice",
      "changed_since_last_verified": true
    },
    {
      "url": "https://www.courts.michigan.gov/492ca5/siteassets/rules-instructions-administrative-orders/rules-of-evidence/michigan-rules-of-evidence.pdf",
      "status": 200,
      "final_url": "https://www.courts.michigan.gov/492ca5/siteassets/rules-instructions-administrative-orders/rules-of-evidence/michigan-rules-of-evidence.pdf",
      "redirected": false,
      "title": null,
      "content_hash": "995b4ac46059c6699f9d8f4421cbff2af1464b4abb223f1c0c987e094b26df85",
      "error": null,
      "cache_reused": false,
      "source_id": "michigan-mre-guide",
      "changed_since_last_verified": true
    },
    {
      "url": "https://www.legislature.mi.gov/Laws/MCL?objectName=mcl-600-2950",
      "status": null,
      "final_url": "https://www.legislature.mi.gov/Laws/MCL?objectName=mcl-600-2950",
      "redirected": false,
      "title": null,
      "content_hash": null,
      "error": "URLError",
      "cache_reused": false,
      "source_id": "michigan-ppo-and-dv-statutes",
      "changed_since_last_verified": true
    },
    {
      "url": "https://www.legislature.mi.gov/Laws/MCL?objectName=mcl-600-2157",
      "status": null,
      "final_url": "https://www.legislature.mi.gov/Laws/MCL?objectName=mcl-600-2157",
      "redirected": false,
      "title": null,
      "content_hash": null,
      "error": "URLError",
      "cache_reused": false,
      "source_id": "michigan-privilege-and-confidentiality",
      "changed_since_last_verified": true
    },
    {
      "url": "https://www.legislature.mi.gov/Laws/MCL?objectName=mcl-722-1431",
      "status": null,
      "final_url": "https://www.legislature.mi.gov/Laws/MCL?objectName=mcl-722-1431",
      "redirected": false,
      "title": null,
      "content_hash": null,
      "error": "URLError",
      "cache_reused": false,
      "source_id": "michigan-revocation-of-paternity",
      "changed_since_last_verified": true
    },
    {
      "url": "https://www.legislature.mi.gov/documents/mcl/pdf/mcl-act-295-of-1982.pdf",
      "status": null,
      "final_url": "https://www.legislature.mi.gov/documents/mcl/pdf/mcl-act-295-of-1982.pdf",
      "redirected": false,
      "title": null,
      "content_hash": null,
      "error": "URLError",
      "cache_reused": false,
      "source_id": "michigan-sptea",
      "changed_since_last_verified": true
    },
    {
      "url": "https://www.legislature.mi.gov/Laws/MCL?objectName=mcl-722-1101",
      "status": null,
      "final_url": "https://www.legislature.mi.gov/Laws/MCL?objectName=mcl-722-1101",
      "redirected": false,
      "title": null,
      "content_hash": null,
      "error": "URLError",
      "cache_reused": false,
      "source_id": "michigan-uccjea",
      "changed_since_last_verified": true
    },
    {
      "url": "https://www.legislature.mi.gov/Laws/MCL?objectName=mcl-552-2101",
      "status": null,
      "final_url": "https://www.legislature.mi.gov/Laws/MCL?objectName=mcl-552-2101",
      "redirected": false,
      "title": null,
      "content_hash": null,
      "error": "URLError",
      "cache_reused": false,
      "source_id": "michigan-uifsa",
      "changed_since_last_verified": true
    },
    {
      "url": "https://www.courts.michigan.gov/siteassets/rules-instructions-administrative-orders/michigan-court-rules/michigan-court-rules-responsive-html5.zip/Michigan_Court_Rules/",
      "status": 204,
      "final_url": "https://www.courts.michigan.gov/siteassets/rules-instructions-administrative-orders/michigan-court-rules/michigan-court-rules-responsive-html5.zip/Michigan_Court_Rules/",
      "redirected": false,
      "title": null,
      "content_hash": "e3b0c44298fc1c149afbf4c8996fb92427ae41e4649b934ca495991b7852b855",
      "error": null,
      "cache_reused": true,
      "source_id": "templates-adjournment-stipulation",
      "changed_since_last_verified": true
    },
    {
      "url": "https://www.courts.michigan.gov/siteassets/rules-instructions-administrative-orders/michigan-court-rules/michigan-court-rules-responsive-html5.zip/Michigan_Court_Rules/",
      "status": 204,
      "final_url": "https://www.courts.michigan.gov/siteassets/rules-instructions-administrative-orders/michigan-court-rules/michigan-court-rules-responsive-html5.zip/Michigan_Court_Rules/",
      "redirected": false,
      "title": null,
      "content_hash": "e3b0c44298fc1c149afbf4c8996fb92427ae41e4649b934ca495991b7852b855",
      "error": null,
      "cache_reused": true,
      "source_id": "templates-affidavit",
      "changed_since_last_verified": true
    },
    {
      "url": "https://www.courts.michigan.gov/siteassets/rules-instructions-administrative-orders/michigan-court-rules/michigan-court-rules-responsive-html5.zip/Michigan_Court_Rules/",
      "status": 204,
      "final_url": "https://www.courts.michigan.gov/siteassets/rules-instructions-administrative-orders/michigan-court-rules/michigan-court-rules-responsive-html5.zip/Michigan_Court_Rules/",
      "redirected": false,
      "title": null,
      "content_hash": "e3b0c44298fc1c149afbf4c8996fb92427ae41e4649b934ca495991b7852b855",
      "error": null,
      "cache_reused": true,
      "source_id": "templates-brief-in-support",
      "changed_since_last_verified": true
    },
    {
      "url": "https://www.courts.michigan.gov/siteassets/rules-instructions-administrative-orders/michigan-court-rules/michigan-court-rules-responsive-html5.zip/Michigan_Court_Rules/",
      "status": 204,
      "final_url": "https://www.courts.michigan.gov/siteassets/rules-instructions-administrative-orders/michigan-court-rules/michigan-court-rules-responsive-html5.zip/Michigan_Court_Rules/",
      "redirected": false,
      "title": null,
      "content_hash": "e3b0c44298fc1c149afbf4c8996fb92427ae41e4649b934ca495991b7852b855",
      "error": null,
      "cache_reused": true,
      "source_id": "templates-chronology",
      "changed_since_last_verified": true
    },
    {
      "url": "https://www.courts.michigan.gov/siteassets/rules-instructions-administrative-orders/michigan-court-rules/michigan-court-rules-responsive-html5.zip/Michigan_Court_Rules/",
      "status": 204,
      "final_url": "https://www.courts.michigan.gov/siteassets/rules-instructions-administrative-orders/michigan-court-rules/michigan-court-rules-responsive-html5.zip/Michigan_Court_Rules/",
      "redirected": false,
      "title": null,
      "content_hash": "e3b0c44298fc1c149afbf4c8996fb92427ae41e4649b934ca495991b7852b855",
      "error": null,
      "cache_reused": true,
      "source_id": "templates-concurrence-certificate",
      "changed_since_last_verified": true
    },
    {
      "url": "https://www.courts.michigan.gov/siteassets/rules-instructions-administrative-orders/michigan-court-rules/michigan-court-rules-responsive-html5.zip/Michigan_Court_Rules/",
      "status": 204,
      "final_url": "https://www.courts.michigan.gov/siteassets/rules-instructions-administrative-orders/michigan-court-rules/michigan-court-rules-responsive-html5.zip/Michigan_Court_Rules/",
      "redirected": false,
      "title": null,
      "content_hash": "e3b0c44298fc1c149afbf4c8996fb92427ae41e4649b934ca495991b7852b855",
      "error": null,
      "cache_reused": true,
      "source_id": "templates-deficiency-letter",
      "changed_since_last_verified": true
    },
    {
      "url": "https://www.courts.michigan.gov/siteassets/rules-instructions-administrative-orders/michigan-court-rules/michigan-court-rules-responsive-html5.zip/Michigan_Court_Rules/",
      "status": 204,
      "final_url": "https://www.courts.michigan.gov/siteassets/rules-instructions-administrative-orders/michigan-court-rules/michigan-court-rules-responsive-html5.zip/Michigan_Court_Rules/",
      "redirected": false,
      "title": null,
      "content_hash": "e3b0c44298fc1c149afbf4c8996fb92427ae41e4649b934ca495991b7852b855",
      "error": null,
      "cache_reused": true,
      "source_id": "templates-exhibit-list",
      "changed_since_last_verified": true
    },
    {
      "url": "https://www.courts.michigan.gov/siteassets/rules-instructions-administrative-orders/michigan-court-rules/michigan-court-rules-responsive-html5.zip/Michigan_Court_Rules/",
      "status": 204,
      "final_url": "https://www.courts.michigan.gov/siteassets/rules-instructions-administrative-orders/michigan-court-rules/michigan-court-rules-responsive-html5.zip/Michigan_Court_Rules/",
      "redirected": false,
      "title": null,
      "content_hash": "e3b0c44298fc1c149afbf4c8996fb92427ae41e4649b934ca495991b7852b855",
      "error": null,
      "cache_reused": true,
      "source_id": "templates-fee-waiver-request",
      "changed_since_last_verified": true
    },
    {
      "url": "https://www.courts.michigan.gov/siteassets/rules-instructions-administrative-orders/michigan-court-rules/michigan-court-rules-responsive-html5.zip/Michigan_Court_Rules/",
      "status": 204,
      "final_url": "https://www.courts.michigan.gov/siteassets/rules-instructions-administrative-orders/michigan-court-rules/michigan-court-rules-responsive-html5.zip/Michigan_Court_Rules/",
      "redirected": false,
      "title": null,
      "content_hash": "e3b0c44298fc1c149afbf4c8996fb92427ae41e4649b934ca495991b7852b855",
      "error": null,
      "cache_reused": true,
      "source_id": "templates-motion",
      "changed_since_last_verified": true
    },
    {
      "url": "https://www.courts.michigan.gov/siteassets/rules-instructions-administrative-orders/michigan-court-rules/michigan-court-rules-responsive-html5.zip/Michigan_Court_Rules/",
      "status": 204,
      "final_url": "https://www.courts.michigan.gov/siteassets/rules-instructions-administrative-orders/michigan-court-rules/michigan-court-rules-responsive-html5.zip/Michigan_Court_Rules/",
      "redirected": false,
      "title": null,
      "content_hash": "e3b0c44298fc1c149afbf4c8996fb92427ae41e4649b934ca495991b7852b855",
      "error": null,
      "cache_reused": true,
      "source_id": "templates-motion-in-limine",
      "changed_since_last_verified": true
    },
    {
      "url": "https://www.courts.michigan.gov/siteassets/rules-instructions-administrative-orders/michigan-court-rules/michigan-court-rules-responsive-html5.zip/Michigan_Court_Rules/",
      "status": 204,
      "final_url": "https://www.courts.michigan.gov/siteassets/rules-instructions-administrative-orders/michigan-court-rules/michigan-court-rules-responsive-html5.zip/Michigan_Court_Rules/",
      "redirected": false,
      "title": null,
      "content_hash": "e3b0c44298fc1c149afbf4c8996fb92427ae41e4649b934ca495991b7852b855",
      "error": null,
      "cache_reused": true,
      "source_id": "templates-motion-to-compel",
      "changed_since_last_verified": true
    },
    {
      "url": "https://www.courts.michigan.gov/siteassets/rules-instructions-administrative-orders/michigan-court-rules/michigan-court-rules-responsive-html5.zip/Michigan_Court_Rules/",
      "status": 204,
      "final_url": "https://www.courts.michigan.gov/siteassets/rules-instructions-administrative-orders/michigan-court-rules/michigan-court-rules-responsive-html5.zip/Michigan_Court_Rules/",
      "redirected": false,
      "title": null,
      "content_hash": "e3b0c44298fc1c149afbf4c8996fb92427ae41e4649b934ca495991b7852b855",
      "error": null,
      "cache_reused": true,
      "source_id": "templates-notice-of-hearing",
      "changed_since_last_verified": true
    },
    {
      "url": "https://www.courts.michigan.gov/siteassets/rules-instructions-administrative-orders/michigan-court-rules/michigan-court-rules-responsive-html5.zip/Michigan_Court_Rules/",
      "status": 204,
      "final_url": "https://www.courts.michigan.gov/siteassets/rules-instructions-administrative-orders/michigan-court-rules/michigan-court-rules-responsive-html5.zip/Michigan_Court_Rules/",
      "redirected": false,
      "title": null,
      "content_hash": "e3b0c44298fc1c149afbf4c8996fb92427ae41e4649b934ca495991b7852b855",
      "error": null,
      "cache_reused": true,
      "source_id": "templates-objection-to-referee-recommendation",
      "changed_since_last_verified": true
    },
    {
      "url": "https://www.courts.michigan.gov/siteassets/rules-instructions-administrative-orders/michigan-court-rules/michigan-court-rules-responsive-html5.zip/Michigan_Court_Rules/",
      "status": 204,
      "final_url": "https://www.courts.michigan.gov/siteassets/rules-instructions-administrative-orders/michigan-court-rules/michigan-court-rules-responsive-html5.zip/Michigan_Court_Rules/",
      "redirected": false,
      "title": null,
      "content_hash": "e3b0c44298fc1c149afbf4c8996fb92427ae41e4649b934ca495991b7852b855",
      "error": null,
      "cache_reused": true,
      "source_id": "templates-preservation-letter",
      "changed_since_last_verified": true
    },
    {
      "url": "https://www.courts.michigan.gov/siteassets/rules-instructions-administrative-orders/michigan-court-rules/michigan-court-rules-responsive-html5.zip/Michigan_Court_Rules/",
      "status": 204,
      "final_url": "https://www.courts.michigan.gov/siteassets/rules-instructions-administrative-orders/michigan-court-rules/michigan-court-rules-responsive-html5.zip/Michigan_Court_Rules/",
      "redirected": false,
      "title": null,
      "content_hash": "e3b0c44298fc1c149afbf4c8996fb92427ae41e4649b934ca495991b7852b855",
      "error": null,
      "cache_reused": true,
      "source_id": "templates-privilege-log",
      "changed_since_last_verified": true
    },
    {
      "url": "https://www.courts.michigan.gov/siteassets/rules-instructions-administrative-orders/michigan-court-rules/michigan-court-rules-responsive-html5.zip/Michigan_Court_Rules/",
      "status": 204,
      "final_url": "https://www.courts.michigan.gov/siteassets/rules-instructions-administrative-orders/michigan-court-rules/michigan-court-rules-responsive-html5.zip/Michigan_Court_Rules/",
      "redirected": false,
      "title": null,
      "content_hash": "e3b0c44298fc1c149afbf4c8996fb92427ae41e4649b934ca495991b7852b855",
      "error": null,
      "cache_reused": true,
      "source_id": "templates-proof-of-service",
      "changed_since_last_verified": true
    },
    {
      "url": "https://www.courts.michigan.gov/siteassets/rules-instructions-administrative-orders/michigan-court-rules/michigan-court-rules-responsive-html5.zip/Michigan_Court_Rules/",
      "status": 204,
      "final_url": "https://www.courts.michigan.gov/siteassets/rules-instructions-administrative-orders/michigan-court-rules/michigan-court-rules-responsive-html5.zip/Michigan_Court_Rules/",
      "redirected": false,
      "title": null,
      "content_hash": "e3b0c44298fc1c149afbf4c8996fb92427ae41e4649b934ca495991b7852b855",
      "error": null,
      "cache_reused": true,
      "source_id": "templates-proposed-order",
      "changed_since_last_verified": true
    },
    {
      "url": "https://www.courts.michigan.gov/siteassets/rules-instructions-administrative-orders/michigan-court-rules/michigan-court-rules-responsive-html5.zip/Michigan_Court_Rules/",
      "status": 204,
      "final_url": "https://www.courts.michigan.gov/siteassets/rules-instructions-administrative-orders/michigan-court-rules/michigan-court-rules-responsive-html5.zip/Michigan_Court_Rules/",
      "redirected": false,
      "title": null,
      "content_hash": "e3b0c44298fc1c149afbf4c8996fb92427ae41e4649b934ca495991b7852b855",
      "error": null,
      "cache_reused": true,
      "source_id": "templates-reply",
      "changed_since_last_verified": true
    },
    {
      "url": "https://www.courts.michigan.gov/siteassets/rules-instructions-administrative-orders/michigan-court-rules/michigan-court-rules-responsive-html5.zip/Michigan_Court_Rules/",
      "status": 204,
      "final_url": "https://www.courts.michigan.gov/siteassets/rules-instructions-administrative-orders/michigan-court-rules/michigan-court-rules-responsive-html5.zip/Michigan_Court_Rules/",
      "redirected": false,
      "title": null,
      "content_hash": "e3b0c44298fc1c149afbf4c8996fb92427ae41e4649b934ca495991b7852b855",
      "error": null,
      "cache_reused": true,
      "source_id": "templates-requests-for-admission",
      "changed_since_last_verified": true
    },
    {
      "url": "https://www.courts.michigan.gov/siteassets/rules-instructions-administrative-orders/michigan-court-rules/michigan-court-rules-responsive-html5.zip/Michigan_Court_Rules/",
      "status": 204,
      "final_url": "https://www.courts.michigan.gov/siteassets/rules-instructions-administrative-orders/michigan-court-rules/michigan-court-rules-responsive-html5.zip/Michigan_Court_Rules/",
      "redirected": false,
      "title": null,
      "content_hash": "e3b0c44298fc1c149afbf4c8996fb92427ae41e4649b934ca495991b7852b855",
      "error": null,
      "cache_reused": true,
      "source_id": "templates-requests-for-production",
      "changed_since_last_verified": true
    },
    {
      "url": "https://www.courts.michigan.gov/siteassets/rules-instructions-administrative-orders/michigan-court-rules/michigan-court-rules-responsive-html5.zip/Michigan_Court_Rules/",
      "status": 204,
      "final_url": "https://www.courts.michigan.gov/siteassets/rules-instructions-administrative-orders/michigan-court-rules/michigan-court-rules-responsive-html5.zip/Michigan_Court_Rules/",
      "redirected": false,
      "title": null,
      "content_hash": "e3b0c44298fc1c149afbf4c8996fb92427ae41e4649b934ca495991b7852b855",
      "error": null,
      "cache_reused": true,
      "source_id": "templates-response",
      "changed_since_last_verified": true
    },
    {
      "url": "https://www.courts.michigan.gov/siteassets/rules-instructions-administrative-orders/michigan-court-rules/michigan-court-rules-responsive-html5.zip/Michigan_Court_Rules/",
      "status": 204,
      "final_url": "https://www.courts.michigan.gov/siteassets/rules-instructions-administrative-orders/michigan-court-rules/michigan-court-rules-responsive-html5.zip/Michigan_Court_Rules/",
      "redirected": false,
      "title": null,
      "content_hash": "e3b0c44298fc1c149afbf4c8996fb92427ae41e4649b934ca495991b7852b855",
      "error": null,
      "cache_reused": true,
      "source_id": "templates-responses-and-objections",
      "changed_since_last_verified": true
    },
    {
      "url": "https://www.courts.michigan.gov/siteassets/rules-instructions-administrative-orders/michigan-court-rules/michigan-court-rules-responsive-html5.zip/Michigan_Court_Rules/",
      "status": 204,
      "final_url": "https://www.courts.michigan.gov/siteassets/rules-instructions-administrative-orders/michigan-court-rules/michigan-court-rules-responsive-html5.zip/Michigan_Court_Rules/",
      "redirected": false,
      "title": null,
      "content_hash": "e3b0c44298fc1c149afbf4c8996fb92427ae41e4649b934ca495991b7852b855",
      "error": null,
      "cache_reused": true,
      "source_id": "templates-subpoena-cover",
      "changed_since_last_verified": true
    },
    {
      "url": "https://www.courts.michigan.gov/siteassets/rules-instructions-administrative-orders/michigan-court-rules/michigan-court-rules-responsive-html5.zip/Michigan_Court_Rules/",
      "status": 204,
      "final_url": "https://www.courts.michigan.gov/siteassets/rules-instructions-administrative-orders/michigan-court-rules/michigan-court-rules-responsive-html5.zip/Michigan_Court_Rules/",
      "redirected": false,
      "title": null,
      "content_hash": "e3b0c44298fc1c149afbf4c8996fb92427ae41e4649b934ca495991b7852b855",
      "error": null,
      "cache_reused": true,
      "source_id": "templates-witness-list",
      "changed_since_last_verified": true
    }
  ]
}
